Archive member included to satisfy reference by file (symbol)

d:/embedded system diploma/7.0/toolchain/avr8/avr8-gnu-toolchain/bin/../lib/gcc/avr/5.4.0/avr5\libgcc.a(_exit.o)
                              D:/embedded system diploma/7.0/Packs/atmel/ATmega_DFP/1.7.374/gcc/dev/atmega32a/avr5/crtatmega32a.o (exit)
d:/embedded system diploma/7.0/toolchain/avr8/avr8-gnu-toolchain/bin/../lib/gcc/avr/5.4.0/avr5\libgcc.a(_clear_bss.o)
                              main.o (__do_clear_bss)

Allocating common symbols
Common symbol       size              file

car_state           0x1               main.o

Discarded input sections

 .data          0x00000000        0x0 D:/embedded system diploma/7.0/Packs/atmel/ATmega_DFP/1.7.374/gcc/dev/atmega32a/avr5/crtatmega32a.o
 .bss           0x00000000        0x0 D:/embedded system diploma/7.0/Packs/atmel/ATmega_DFP/1.7.374/gcc/dev/atmega32a/avr5/crtatmega32a.o
 .text          0x00000000        0x0 Application/App.o
 .data          0x00000000        0x0 Application/App.o
 .bss           0x00000000        0x0 Application/App.o
 .text.pedred   0x00000000       0x1a Application/App.o
 .text.pedyellow
                0x00000000       0x38 Application/App.o
 .text          0x00000000        0x0 ECUAL/Button Driver/Button.o
 .data          0x00000000        0x0 ECUAL/Button Driver/Button.o
 .bss           0x00000000        0x0 ECUAL/Button Driver/Button.o
 .text.button_read
                0x00000000        0xc ECUAL/Button Driver/Button.o
 .text          0x00000000        0x0 ECUAL/LED Driver/LED.o
 .data          0x00000000        0x0 ECUAL/LED Driver/LED.o
 .bss           0x00000000        0x0 ECUAL/LED Driver/LED.o
 .text          0x00000000        0x0 main.o
 .data          0x00000000        0x0 main.o
 .bss           0x00000000        0x0 main.o
 .text          0x00000000        0x0 MCAL/DIO Driver/DIO.o
 .data          0x00000000        0x0 MCAL/DIO Driver/DIO.o
 .bss           0x00000000        0x0 MCAL/DIO Driver/DIO.o
 .text.dio_read
                0x00000000       0xc8 MCAL/DIO Driver/DIO.o
 .text          0x00000000        0x0 MCAL/Timer Driver/timer.o
 .data          0x00000000        0x0 MCAL/Timer Driver/timer.o
 .bss           0x00000000        0x0 MCAL/Timer Driver/timer.o
 .text          0x00000000        0x0 Microcontroller/Interupts/interput.o
 .data          0x00000000        0x0 Microcontroller/Interupts/interput.o
 .bss           0x00000000        0x0 Microcontroller/Interupts/interput.o
 .text          0x00000000        0x0 d:/embedded system diploma/7.0/toolchain/avr8/avr8-gnu-toolchain/bin/../lib/gcc/avr/5.4.0/avr5\libgcc.a(_exit.o)
 .data          0x00000000        0x0 d:/embedded system diploma/7.0/toolchain/avr8/avr8-gnu-toolchain/bin/../lib/gcc/avr/5.4.0/avr5\libgcc.a(_exit.o)
 .bss           0x00000000        0x0 d:/embedded system diploma/7.0/toolchain/avr8/avr8-gnu-toolchain/bin/../lib/gcc/avr/5.4.0/avr5\libgcc.a(_exit.o)
 .text.libgcc.mul
                0x00000000        0x0 d:/embedded system diploma/7.0/toolchain/avr8/avr8-gnu-toolchain/bin/../lib/gcc/avr/5.4.0/avr5\libgcc.a(_exit.o)
 .text.libgcc.div
                0x00000000        0x0 d:/embedded system diploma/7.0/toolchain/avr8/avr8-gnu-toolchain/bin/../lib/gcc/avr/5.4.0/avr5\libgcc.a(_exit.o)
 .text.libgcc   0x00000000        0x0 d:/embedded system diploma/7.0/toolchain/avr8/avr8-gnu-toolchain/bin/../lib/gcc/avr/5.4.0/avr5\libgcc.a(_exit.o)
 .text.libgcc.prologue
                0x00000000        0x0 d:/embedded system diploma/7.0/toolchain/avr8/avr8-gnu-toolchain/bin/../lib/gcc/avr/5.4.0/avr5\libgcc.a(_exit.o)
 .text.libgcc.builtins
                0x00000000        0x0 d:/embedded system diploma/7.0/toolchain/avr8/avr8-gnu-toolchain/bin/../lib/gcc/avr/5.4.0/avr5\libgcc.a(_exit.o)
 .text.libgcc.fmul
                0x00000000        0x0 d:/embedded system diploma/7.0/toolchain/avr8/avr8-gnu-toolchain/bin/../lib/gcc/avr/5.4.0/avr5\libgcc.a(_exit.o)
 .text.libgcc.fixed
                0x00000000        0x0 d:/embedded system diploma/7.0/toolchain/avr8/avr8-gnu-toolchain/bin/../lib/gcc/avr/5.4.0/avr5\libgcc.a(_exit.o)
 .text          0x00000000        0x0 d:/embedded system diploma/7.0/toolchain/avr8/avr8-gnu-toolchain/bin/../lib/gcc/avr/5.4.0/avr5\libgcc.a(_clear_bss.o)
 .data          0x00000000        0x0 d:/embedded system diploma/7.0/toolchain/avr8/avr8-gnu-toolchain/bin/../lib/gcc/avr/5.4.0/avr5\libgcc.a(_clear_bss.o)
 .bss           0x00000000        0x0 d:/embedded system diploma/7.0/toolchain/avr8/avr8-gnu-toolchain/bin/../lib/gcc/avr/5.4.0/avr5\libgcc.a(_clear_bss.o)
 .text.libgcc.mul
                0x00000000        0x0 d:/embedded system diploma/7.0/toolchain/avr8/avr8-gnu-toolchain/bin/../lib/gcc/avr/5.4.0/avr5\libgcc.a(_clear_bss.o)
 .text.libgcc.div
                0x00000000        0x0 d:/embedded system diploma/7.0/toolchain/avr8/avr8-gnu-toolchain/bin/../lib/gcc/avr/5.4.0/avr5\libgcc.a(_clear_bss.o)
 .text.libgcc   0x00000000        0x0 d:/embedded system diploma/7.0/toolchain/avr8/avr8-gnu-toolchain/bin/../lib/gcc/avr/5.4.0/avr5\libgcc.a(_clear_bss.o)
 .text.libgcc.prologue
                0x00000000        0x0 d:/embedded system diploma/7.0/toolchain/avr8/avr8-gnu-toolchain/bin/../lib/gcc/avr/5.4.0/avr5\libgcc.a(_clear_bss.o)
 .text.libgcc.builtins
                0x00000000        0x0 d:/embedded system diploma/7.0/toolchain/avr8/avr8-gnu-toolchain/bin/../lib/gcc/avr/5.4.0/avr5\libgcc.a(_clear_bss.o)
 .text.libgcc.fmul
                0x00000000        0x0 d:/embedded system diploma/7.0/toolchain/avr8/avr8-gnu-toolchain/bin/../lib/gcc/avr/5.4.0/avr5\libgcc.a(_clear_bss.o)
 .text.libgcc.fixed
                0x00000000        0x0 d:/embedded system diploma/7.0/toolchain/avr8/avr8-gnu-toolchain/bin/../lib/gcc/avr/5.4.0/avr5\libgcc.a(_clear_bss.o)

Memory Configuration

Name             Origin             Length             Attributes
text             0x00000000         0x00008000         xr
data             0x00800060         0x00000800         rw !x
eeprom           0x00810000         0x00000400         rw !x
fuse             0x00820000         0x00000002         rw !x
lock             0x00830000         0x00000400         rw !x
signature        0x00840000         0x00000400         rw !x
user_signatures  0x00850000         0x00000400         rw !x
*default*        0x00000000         0xffffffff

Linker script and memory map

LOAD D:/embedded system diploma/7.0/Packs/atmel/ATmega_DFP/1.7.374/gcc/dev/atmega32a/avr5/crtatmega32a.o
LOAD Application/App.o
LOAD ECUAL/Button Driver/Button.o
LOAD ECUAL/LED Driver/LED.o
LOAD main.o
LOAD MCAL/DIO Driver/DIO.o
LOAD MCAL/Timer Driver/timer.o
LOAD Microcontroller/Interupts/interput.o
START GROUP
LOAD d:/embedded system diploma/7.0/toolchain/avr8/avr8-gnu-toolchain/bin/../lib/gcc/avr/5.4.0/../../../../avr/lib/avr5\libm.a
END GROUP
START GROUP
LOAD d:/embedded system diploma/7.0/toolchain/avr8/avr8-gnu-toolchain/bin/../lib/gcc/avr/5.4.0/avr5\libgcc.a
LOAD d:/embedded system diploma/7.0/toolchain/avr8/avr8-gnu-toolchain/bin/../lib/gcc/avr/5.4.0/../../../../avr/lib/avr5\libm.a
LOAD d:/embedded system diploma/7.0/toolchain/avr8/avr8-gnu-toolchain/bin/../lib/gcc/avr/5.4.0/../../../../avr/lib/avr5\libc.a
LOAD D:/embedded system diploma/7.0/Packs/atmel/ATmega_DFP/1.7.374/gcc/dev/atmega32a/avr5\libatmega32a.a
END GROUP
                [0x00000000]                __TEXT_REGION_ORIGIN__ = DEFINED (__TEXT_REGION_ORIGIN__)?__TEXT_REGION_ORIGIN__:0x0
                [0x00800060]                __DATA_REGION_ORIGIN__ = DEFINED (__DATA_REGION_ORIGIN__)?__DATA_REGION_ORIGIN__:0x800060
                [0x00008000]                __TEXT_REGION_LENGTH__ = DEFINED (__TEXT_REGION_LENGTH__)?__TEXT_REGION_LENGTH__:0x20000
                [0x00000800]                __DATA_REGION_LENGTH__ = DEFINED (__DATA_REGION_LENGTH__)?__DATA_REGION_LENGTH__:0xffa0
                [0x00000400]                __EEPROM_REGION_LENGTH__ = DEFINED (__EEPROM_REGION_LENGTH__)?__EEPROM_REGION_LENGTH__:0x10000
                [0x00000002]                __FUSE_REGION_LENGTH__ = DEFINED (__FUSE_REGION_LENGTH__)?__FUSE_REGION_LENGTH__:0x400
                0x00000400                __LOCK_REGION_LENGTH__ = DEFINED (__LOCK_REGION_LENGTH__)?__LOCK_REGION_LENGTH__:0x400
                0x00000400                __SIGNATURE_REGION_LENGTH__ = DEFINED (__SIGNATURE_REGION_LENGTH__)?__SIGNATURE_REGION_LENGTH__:0x400
                0x00000400                __USER_SIGNATURE_REGION_LENGTH__ = DEFINED (__USER_SIGNATURE_REGION_LENGTH__)?__USER_SIGNATURE_REGION_LENGTH__:0x400

.hash
 *(.hash)

.dynsym
 *(.dynsym)

.dynstr
 *(.dynstr)

.gnu.version
 *(.gnu.version)

.gnu.version_d
 *(.gnu.version_d)

.gnu.version_r
 *(.gnu.version_r)

.rel.init
 *(.rel.init)

.rela.init
 *(.rela.init)

.rel.text
 *(.rel.text)
 *(.rel.text.*)
 *(.rel.gnu.linkonce.t*)

.rela.text
 *(.rela.text)
 *(.rela.text.*)
 *(.rela.gnu.linkonce.t*)

.rel.fini
 *(.rel.fini)

.rela.fini
 *(.rela.fini)

.rel.rodata
 *(.rel.rodata)
 *(.rel.rodata.*)
 *(.rel.gnu.linkonce.r*)

.rela.rodata
 *(.rela.rodata)
 *(.rela.rodata.*)
 *(.rela.gnu.linkonce.r*)

.rel.data
 *(.rel.data)
 *(.rel.data.*)
 *(.rel.gnu.linkonce.d*)

.rela.data
 *(.rela.data)
 *(.rela.data.*)
 *(.rela.gnu.linkonce.d*)

.rel.ctors
 *(.rel.ctors)

.rela.ctors
 *(.rela.ctors)

.rel.dtors
 *(.rel.dtors)

.rela.dtors
 *(.rela.dtors)

.rel.got
 *(.rel.got)

.rela.got
 *(.rela.got)

.rel.bss
 *(.rel.bss)

.rela.bss
 *(.rela.bss)

.rel.plt
 *(.rel.plt)

.rela.plt
 *(.rela.plt)

.text           0x00000000      0x582
 *(.vectors)
 .vectors       0x00000000       0x54 D:/embedded system diploma/7.0/Packs/atmel/ATmega_DFP/1.7.374/gcc/dev/atmega32a/avr5/crtatmega32a.o
                0x00000000                __vector_default
                0x00000000                __vectors
 *(.vectors)
 *(.progmem.gcc*)
                0x00000054                . = ALIGN (0x2)
                0x00000054                __trampolines_start = .
 *(.trampolines)
 .trampolines   0x00000054        0x0 linker stubs
 *(.trampolines*)
                0x00000054                __trampolines_end = .
 *libprintf_flt.a:*(.progmem.data)
 *libc.a:*(.progmem.data)
 *(.progmem*)
                0x00000054                . = ALIGN (0x2)
 *(.jumptables)
 *(.jumptables*)
 *(.lowtext)
 *(.lowtext*)
                0x00000054                __ctors_start = .
 *(.ctors)
                0x00000054                __ctors_end = .
                0x00000054                __dtors_start = .
 *(.dtors)
                0x00000054                __dtors_end = .
 SORT(*)(.ctors)
 SORT(*)(.dtors)
 *(.init0)
 .init0         0x00000054        0x0 D:/embedded system diploma/7.0/Packs/atmel/ATmega_DFP/1.7.374/gcc/dev/atmega32a/avr5/crtatmega32a.o
                0x00000054                __init
 *(.init0)
 *(.init1)
 *(.init1)
 *(.init2)
 .init2         0x00000054        0xc D:/embedded system diploma/7.0/Packs/atmel/ATmega_DFP/1.7.374/gcc/dev/atmega32a/avr5/crtatmega32a.o
 *(.init2)
 *(.init3)
 *(.init3)
 *(.init4)
 .init4         0x00000060       0x10 d:/embedded system diploma/7.0/toolchain/avr8/avr8-gnu-toolchain/bin/../lib/gcc/avr/5.4.0/avr5\libgcc.a(_clear_bss.o)
                0x00000060                __do_clear_bss
 *(.init4)
 *(.init5)
 *(.init5)
 *(.init6)
 *(.init6)
 *(.init7)
 *(.init7)
 *(.init8)
 *(.init8)
 *(.init9)
 .init9         0x00000070        0x8 D:/embedded system diploma/7.0/Packs/atmel/ATmega_DFP/1.7.374/gcc/dev/atmega32a/avr5/crtatmega32a.o
 *(.init9)
 *(.text)
 .text          0x00000078        0x4 D:/embedded system diploma/7.0/Packs/atmel/ATmega_DFP/1.7.374/gcc/dev/atmega32a/avr5/crtatmega32a.o
                0x00000078                __vector_12
                0x00000078                __bad_interrupt
                0x00000078                __vector_6
                0x00000078                __vector_3
                0x00000078                __vector_11
                0x00000078                __vector_13
                0x00000078                __vector_17
                0x00000078                __vector_19
                0x00000078                __vector_7
                0x00000078                __vector_5
                0x00000078                __vector_4
                0x00000078                __vector_9
                0x00000078                __vector_2
                0x00000078                __vector_15
                0x00000078                __vector_8
                0x00000078                __vector_14
                0x00000078                __vector_10
                0x00000078                __vector_16
                0x00000078                __vector_18
                0x00000078                __vector_20
                0x0000007c                . = ALIGN (0x2)
 *(.text.*)
 .text.button_config
                0x0000007c        0xa Application/App.o
                0x0000007c                button_config
 .text.normal_mode_config
                0x00000086       0x1a Application/App.o
                0x00000086                normal_mode_config
 .text.ped_mode_config
                0x000000a0       0x1a Application/App.o
                0x000000a0                ped_mode_config
 .text.normal_red
                0x000000ba       0x30 Application/App.o
                0x000000ba                normal_red
 .text.normal_yellow
                0x000000ea       0x56 Application/App.o
                0x000000ea                normal_yellow
 .text.normal_green
                0x00000140       0x2e Application/App.o
                0x00000140                normal_green
 .text.pedgreen
                0x0000016e       0x1a Application/App.o
                0x0000016e                pedgreen
 .text.check_state
                0x00000188        0x2 Application/App.o
                0x00000188                check_state
 .text.ped_mode
                0x0000018a       0x96 Application/App.o
                0x0000018a                ped_mode
 .text.button_init
                0x00000220        0xe ECUAL/Button Driver/Button.o
                0x00000220                button_init
 .text.led_init
                0x0000022e        0x8 ECUAL/LED Driver/LED.o
                0x0000022e                led_init
 .text.led_on   0x00000236        0x8 ECUAL/LED Driver/LED.o
                0x00000236                led_on
 .text.led_off  0x0000023e        0x8 ECUAL/LED Driver/LED.o
                0x0000023e                led_off
 .text.led_toggle
                0x00000246        0x6 ECUAL/LED Driver/LED.o
                0x00000246                led_toggle
 .text.main     0x0000024c       0x4e main.o
                0x0000024c                main
 .text.__vector_1
                0x0000029a       0x1e main.o
                0x0000029a                __vector_1
 .text.dio_init
                0x000002b8       0xf4 MCAL/DIO Driver/DIO.o
                0x000002b8                dio_init
 .text.dio_write
                0x000003ac       0xf4 MCAL/DIO Driver/DIO.o
                0x000003ac                dio_write
 .text.dio_toggle
                0x000004a0       0x6e MCAL/DIO Driver/DIO.o
                0x000004a0                dio_toggle
 .text.timer1_config
                0x0000050e        0x6 MCAL/Timer Driver/timer.o
                0x0000050e                timer1_config
 .text.timer1_init
                0x00000514        0xa MCAL/Timer Driver/timer.o
                0x00000514                timer1_init
 .text.timer1_start
                0x0000051e        0x8 MCAL/Timer Driver/timer.o
                0x0000051e                timer1_start
 .text.delay    0x00000526       0x1e MCAL/Timer Driver/timer.o
                0x00000526                delay
 .text.delay_s  0x00000544       0x26 MCAL/Timer Driver/timer.o
                0x00000544                delay_s
 .text.interrupt_config
                0x0000056a       0x14 Microcontroller/Interupts/interput.o
                0x0000056a                interrupt_config
                0x0000057e                . = ALIGN (0x2)
 *(.fini9)
 .fini9         0x0000057e        0x0 d:/embedded system diploma/7.0/toolchain/avr8/avr8-gnu-toolchain/bin/../lib/gcc/avr/5.4.0/avr5\libgcc.a(_exit.o)
                0x0000057e                _exit
                0x0000057e                exit
 *(.fini9)
 *(.fini8)
 *(.fini8)
 *(.fini7)
 *(.fini7)
 *(.fini6)
 *(.fini6)
 *(.fini5)
 *(.fini5)
 *(.fini4)
 *(.fini4)
 *(.fini3)
 *(.fini3)
 *(.fini2)
 *(.fini2)
 *(.fini1)
 *(.fini1)
 *(.fini0)
 .fini0         0x0000057e        0x4 d:/embedded system diploma/7.0/toolchain/avr8/avr8-gnu-toolchain/bin/../lib/gcc/avr/5.4.0/avr5\libgcc.a(_exit.o)
 *(.fini0)
                0x00000582                _etext = .

.data           0x00800060        0x0 load address 0x00000582
                [!provide]                PROVIDE (__data_start, .)
 *(.data)
 *(.data*)
 *(.gnu.linkonce.d*)
 *(.rodata)
 *(.rodata*)
 *(.gnu.linkonce.r*)
                0x00800060                . = ALIGN (0x2)
                0x00800060                _edata = .
                [!provide]                PROVIDE (__data_end, .)

.bss            0x00800060        0x2
                0x00800060                PROVIDE (__bss_start, .)
 *(.bss)
 *(.bss*)
 .bss.flag      0x00800060        0x1 main.o
                0x00800060                flag
 *(COMMON)
 COMMON         0x00800061        0x1 main.o
                0x00800061                car_state
                0x00800062                PROVIDE (__bss_end, .)
                0x00000582                __data_load_start = LOADADDR (.data)
                0x00000582                __data_load_end = (__data_load_start + SIZEOF (.data))

.noinit         0x00800062        0x0
                [!provide]                PROVIDE (__noinit_start, .)
 *(.noinit*)
                [!provide]                PROVIDE (__noinit_end, .)
                0x00800062                _end = .
                [!provide]                PROVIDE (__heap_start, .)

.eeprom         0x00810000        0x0
 *(.eeprom*)
                0x00810000                __eeprom_end = .

.fuse
 *(.fuse)
 *(.lfuse)
 *(.hfuse)
 *(.efuse)

.lock
 *(.lock*)

.signature
 *(.signature*)

.user_signatures
 *(.user_signatures*)

.stab
 *(.stab)

.stabstr
 *(.stabstr)

.stab.excl
 *(.stab.excl)

.stab.exclstr
 *(.stab.exclstr)

.stab.index
 *(.stab.index)

.stab.indexstr
 *(.stab.indexstr)

.comment        0x00000000       0x30
 *(.comment)
 .comment       0x00000000       0x30 Application/App.o
                                 0x31 (size before relaxing)
 .comment       0x00000030       0x31 ECUAL/Button Driver/Button.o
 .comment       0x00000030       0x31 ECUAL/LED Driver/LED.o
 .comment       0x00000030       0x31 main.o
 .comment       0x00000030       0x31 MCAL/DIO Driver/DIO.o
 .comment       0x00000030       0x31 MCAL/Timer Driver/timer.o
 .comment       0x00000030       0x31 Microcontroller/Interupts/interput.o

.note.gnu.avr.deviceinfo
                0x00000000       0x3c
 .note.gnu.avr.deviceinfo
                0x00000000       0x3c D:/embedded system diploma/7.0/Packs/atmel/ATmega_DFP/1.7.374/gcc/dev/atmega32a/avr5/crtatmega32a.o

.note.gnu.build-id
 *(.note.gnu.build-id)

.debug
 *(.debug)

.line
 *(.line)

.debug_srcinfo
 *(.debug_srcinfo)

.debug_sfnames
 *(.debug_sfnames)

.debug_aranges  0x00000000      0x190
 *(.debug_aranges)
 .debug_aranges
                0x00000000       0x70 Application/App.o
 .debug_aranges
                0x00000070       0x28 ECUAL/Button Driver/Button.o
 .debug_aranges
                0x00000098       0x38 ECUAL/LED Driver/LED.o
 .debug_aranges
                0x000000d0       0x28 main.o
 .debug_aranges
                0x000000f8       0x38 MCAL/DIO Driver/DIO.o
 .debug_aranges
                0x00000130       0x40 MCAL/Timer Driver/timer.o
 .debug_aranges
                0x00000170       0x20 Microcontroller/Interupts/interput.o

.debug_pubnames
 *(.debug_pubnames)

.debug_info     0x00000000     0x12b4
 *(.debug_info .gnu.linkonce.wi.*)
 .debug_info    0x00000000      0x4e6 D:/embedded system diploma/7.0/Packs/atmel/ATmega_DFP/1.7.374/gcc/dev/atmega32a/avr5/crtatmega32a.o
 .debug_info    0x000004e6      0x6a7 Application/App.o
 .debug_info    0x00000b8d      0x125 ECUAL/Button Driver/Button.o
 .debug_info    0x00000cb2      0x1bd ECUAL/LED Driver/LED.o
 .debug_info    0x00000e6f      0x195 main.o
 .debug_info    0x00001004      0x151 MCAL/DIO Driver/DIO.o
 .debug_info    0x00001155      0x107 MCAL/Timer Driver/timer.o
 .debug_info    0x0000125c       0x58 Microcontroller/Interupts/interput.o

.debug_abbrev   0x00000000      0x8e0
 *(.debug_abbrev)
 .debug_abbrev  0x00000000      0x4a3 D:/embedded system diploma/7.0/Packs/atmel/ATmega_DFP/1.7.374/gcc/dev/atmega32a/avr5/crtatmega32a.o
 .debug_abbrev  0x000004a3      0x11a Application/App.o
 .debug_abbrev  0x000005bd       0x89 ECUAL/Button Driver/Button.o
 .debug_abbrev  0x00000646       0x80 ECUAL/LED Driver/LED.o
 .debug_abbrev  0x000006c6       0xca main.o
 .debug_abbrev  0x00000790       0x6f MCAL/DIO Driver/DIO.o
 .debug_abbrev  0x000007ff       0x9d MCAL/Timer Driver/timer.o
 .debug_abbrev  0x0000089c       0x44 Microcontroller/Interupts/interput.o

.debug_line     0x00000000      0xb83
 *(.debug_line .debug_line.* .debug_line_end)
 .debug_line    0x00000000      0x116 D:/embedded system diploma/7.0/Packs/atmel/ATmega_DFP/1.7.374/gcc/dev/atmega32a/avr5/crtatmega32a.o
 .debug_line    0x00000116      0x366 Application/App.o
 .debug_line    0x0000047c       0xfa ECUAL/Button Driver/Button.o
 .debug_line    0x00000576      0x118 ECUAL/LED Driver/LED.o
 .debug_line    0x0000068e      0x13c main.o
 .debug_line    0x000007ca      0x1e3 MCAL/DIO Driver/DIO.o
 .debug_line    0x000009ad      0x137 MCAL/Timer Driver/timer.o
 .debug_line    0x00000ae4       0x9f Microcontroller/Interupts/interput.o

.debug_frame    0x00000000      0x2a4
 *(.debug_frame)
 .debug_frame   0x00000000       0xe8 Application/App.o
 .debug_frame   0x000000e8       0x34 ECUAL/Button Driver/Button.o
 .debug_frame   0x0000011c       0x54 ECUAL/LED Driver/LED.o
 .debug_frame   0x00000170       0x44 main.o
 .debug_frame   0x000001b4       0x54 MCAL/DIO Driver/DIO.o
 .debug_frame   0x00000208       0x78 MCAL/Timer Driver/timer.o
 .debug_frame   0x00000280       0x24 Microcontroller/Interupts/interput.o

.debug_str      0x00000000      0x540
 *(.debug_str)
 .debug_str     0x00000000      0x196 D:/embedded system diploma/7.0/Packs/atmel/ATmega_DFP/1.7.374/gcc/dev/atmega32a/avr5/crtatmega32a.o
 .debug_str     0x00000196      0x225 Application/App.o
 .debug_str     0x000003bb       0x61 ECUAL/Button Driver/Button.o
                                0x191 (size before relaxing)
 .debug_str     0x0000041c       0x3e ECUAL/LED Driver/LED.o
                                0x196 (size before relaxing)
 .debug_str     0x0000045a       0x32 main.o
                                0x1ed (size before relaxing)
 .debug_str     0x0000048c       0x39 MCAL/DIO Driver/DIO.o
                                0x192 (size before relaxing)
 .debug_str     0x000004c5       0x53 MCAL/Timer Driver/timer.o
                                0x187 (size before relaxing)
 .debug_str     0x00000518       0x28 Microcontroller/Interupts/interput.o
                                0x165 (size before relaxing)

.debug_loc      0x00000000      0x62e
 *(.debug_loc)
 .debug_loc     0x00000000       0xf9 Application/App.o
 .debug_loc     0x000000f9       0xd6 ECUAL/Button Driver/Button.o
 .debug_loc     0x000001cf      0x108 ECUAL/LED Driver/LED.o
 .debug_loc     0x000002d7       0x3c main.o
 .debug_loc     0x00000313      0x278 MCAL/DIO Driver/DIO.o
 .debug_loc     0x0000058b       0xa3 MCAL/Timer Driver/timer.o

.debug_macinfo
 *(.debug_macinfo)

.debug_weaknames
 *(.debug_weaknames)

.debug_funcnames
 *(.debug_funcnames)

.debug_typenames
 *(.debug_typenames)

.debug_varnames
 *(.debug_varnames)

.debug_pubtypes
 *(.debug_pubtypes)

.debug_ranges   0x00000000      0x120
 *(.debug_ranges)
 .debug_ranges  0x00000000       0x60 Application/App.o
 .debug_ranges  0x00000060       0x18 ECUAL/Button Driver/Button.o
 .debug_ranges  0x00000078       0x28 ECUAL/LED Driver/LED.o
 .debug_ranges  0x000000a0       0x18 main.o
 .debug_ranges  0x000000b8       0x28 MCAL/DIO Driver/DIO.o
 .debug_ranges  0x000000e0       0x30 MCAL/Timer Driver/timer.o
 .debug_ranges  0x00000110       0x10 Microcontroller/Interupts/interput.o

.debug_macro
 *(.debug_macro)
OUTPUT(on deman traffic light.elf elf32-avr)
LOAD linker stubs
